I'm sorry, but errors were detected in your script. Please correct the
errors listed below, and try again.


File "game/script.rpy", line 91: expected statement.
    .....
    ^

Ren'Py Version: Ren'Py 8.2.0.0+unofficial
Wed Nov 29 20:07:09 2023
